// Jest Snapshot v1, https://goo.gl/fbAQLP

exports[`NavtabsComponent renders into nav element 1`] = `
<nav
  className="nav"
>
  <NavtabLink
    activeClassName="linkActive"
    className="link"
    hideLabel={false}
    label="Timetable"
    to="/timetable/sem-1"
  >
    <Calendar
      color="currentColor"
      size="24"
    />
  </NavtabLink>
  <NavtabLink
    activeClassName="linkActive"
    className="link"
    hideLabel={false}
    label="Modules"
    to="/modules"
  >
    <BookOpen
      color="currentColor"
      size="24"
    />
  </NavtabLink>
  <NavtabLink
    activeClassName="linkActive"
    className="link"
    hideLabel={false}
    label="Venues"
    onHover={[Function]}
    to="/venues"
  >
    <Map
      color="currentColor"
      size="24"
    />
  </NavtabLink>
  <NavtabLink
    activeClassName="linkActive"
    className="link"
    hideLabel={false}
    label="Settings"
    to="/settings"
  >
    <Settings
      color="currentColor"
      size="24"
    />
  </NavtabLink>
  <NavtabLink
    activeClassName="linkActive"
    className="link"
    hideLabel={false}
    label="Contribute"
    onHover={[Function]}
    to="/contribute"
  >
    <Star
      color="currentColor"
      size="24"
    />
  </NavtabLink>
  <div
    className="divider"
  />
  <ExternalLink
    className="link hiddenOnMobile"
    href="https://nuswhispers.com"
  >
    <Heart
      color="currentColor"
      size="24"
    />
    <span
      className="title"
    >
      Whispers
    </span>
  </ExternalLink>
</nav>
`;
