// Jest Snapshot v1, https://goo.gl/fbAQLP

exports[`GetModuleTimetable should filter out invalid lessons 1`] = `
Array [
  Object {
    "ClassNo": "05",
    "DayText": "Friday",
    "EndTime": "1500",
    "LessonType": "Recitation",
    "StartTime": "1400",
    "Venue": "S16-0436",
    "WeekText": "2",
  },
]
`;
