// Jest Snapshot v1, https://goo.gl/fbAQLP

exports[`parseExamPdf scrapes all the modules for 2016 sem 1 1`] = `
Array [
  Object {
    "Date": "29/9/2016",
    "Faculty": "Yale-NUS College",
    "ModuleCode": "YSC1206",
    "Time": "4:30PM",
    "Title": "CONCEPTUAL CALCULUS",
  },
  Object {
    "Date": "16/11/2016",
    "Faculty": "Yale-NUS College",
    "ModuleCode": "YLG2202",
    "Time": "9:00AM",
    "Title": "INTERMEDIATE CLASSICAL GREEK",
  },
  Object {
    "Date": "18/11/2016",
    "Faculty": "Ctr for Engl Lang Comms",
    "ModuleCode": "ENV1202",
    "Time": "9:00AM",
    "Title": "COMMUNICATIONS FOR ENVIRONMENTAL STUDIES",
  },
  Object {
    "Date": "18/11/2016",
    "Faculty": "Ctr for Engl Lang Comms",
    "ModuleCode": "ES1102",
    "Time": "9:00AM",
    "Title": "ENGLISH FOR ACADEMIC PURPOSES",
  },
  Object {
    "Date": "18/11/2016",
    "Faculty": "Ctr for Engl Lang Comms",
    "ModuleCode": "ES1103",
    "Time": "9:00AM",
    "Title": "ENGLISH FOR ACADEMIC PURPOSES",
  },
  Object {
    "Date": "18/11/2016",
    "Faculty": "Ctr for Engl Lang Comms",
    "ModuleCode": "ES5000",
    "Time": "9:00AM",
    "Title": "GRADUATE ENGLISH COURSE (BASIC LEVEL)",
  },
  Object {
    "Date": "18/11/2016",
    "Faculty": "Ctr for Engl Lang Comms",
    "ModuleCode": "ES5001A",
    "Time": "9:00AM",
    "Title": "GRADUATE ENGLISH COURSE (INTERMEDIATE LEVEL)",
  },
  Object {
    "Date": "18/11/2016",
    "Faculty": "Ctr for Engl Lang Comms",
    "ModuleCode": "ES1531",
    "Time": "9:00AM",
    "Title": "CRITICAL THINKING AND WRITING",
  },
  Object {
    "Date": "18/11/2016",
    "Faculty": "Ctr for Engl Lang Comms",
    "ModuleCode": "GEK1549",
    "Time": "9:00AM",
    "Title": "CRITICAL THINKING AND WRITING",
  },
  Object {
    "Date": "18/11/2016",
    "Faculty": "Ctr for Engl Lang Comms",
    "ModuleCode": "GET1021",
    "Time": "9:00AM",
    "Title": "CRITICAL THINKING AND WRITING",
  },
  Object {
    "Date": "19/11/2016",
    "Faculty": "Business School",
    "ModuleCode": "ACC2002",
    "Time": "9:00AM",
    "Title": "MANAGERIAL ACCOUNTING NUS",
  },
  Object {
    "Date": "19/11/2016",
    "Faculty": "Faculty of Engineering",
    "ModuleCode": "BN3201",
    "Time": "9:00AM",
    "Title": "INTRODUCTION TO BIOMECHANICS",
  },
  Object {
    "Date": "19/11/2016",
    "Faculty": "Faculty of Science",
    "ModuleCode": "CM4242",
    "Time": "9:00AM",
    "Title": "ADVANCED ANALYTICAL TECHNIQUES",
  },
  Object {
    "Date": "19/11/2016",
    "Faculty": "School of Computing",
    "ModuleCode": "CS2104",
    "Time": "9:00AM",
    "Title": "PROGRAMMING LANGUAGE CONCEPTS",
  },
  Object {
    "Date": "19/11/2016",
    "Faculty": "School of Computing",
    "ModuleCode": "CS3244",
    "Time": "9:00AM",
    "Title": "MACHINE LEARNING",
  },
  Object {
    "Date": "19/11/2016",
    "Faculty": "School of Computing",
    "ModuleCode": "CS4224",
    "Time": "9:00AM",
    "Title": "DISTRIBUTED DATABASES",
  },
  Object {
    "Date": "19/11/2016",
    "Faculty": "Arts & Social Sciences",
    "ModuleCode": "EC2104",
    "Time": "9:00AM",
    "Title": "QUANTITATIVE METHODS FOR ECONOMIC ANALYSIS",
  },
  Object {
    "Date": "19/11/2016",
    "Faculty": "Arts & Social Sciences",
    "ModuleCode": "EC3373",
    "Time": "9:00AM",
    "Title": "ASEAN ECONOMIES",
  },
  Object {
    "Date": "19/11/2016",
    "Faculty": "Arts & Social Sciences",
    "ModuleCode": "EC4306",
    "Time": "9:00AM",
    "Title": "APPLIED MICROECONOMIC ANALYSIS",
  },
  Object {
    "Date": "19/11/2016",
    "Faculty": "Arts & Social Sciences",
    "ModuleCode": "ECA5325",
    "Time": "9:00AM",
    "Title": "PROJECT & POLICY EVALUATION",
  },
  Object {
    "Date": "19/11/2016",
    "Faculty": "Faculty of Engineering",
    "ModuleCode": "EE2011",
    "Time": "9:00AM",
    "Title": "ENGINEERING ELECTROMAGNETICS",
  },
  Object {
    "Date": "19/11/2016",
    "Faculty": "Faculty of Engineering",
    "ModuleCode": "EE4218",
    "Time": "9:00AM",
    "Title": "EMBEDDED HARDWARE SYSTEM DESIGN",
  },
  Object {
    "Date": "19/11/2016",
    "Faculty": "Arts & Social Sciences",
    "ModuleCode": "EL3203",
    "Time": "9:00AM",
    "Title": "SEMANTICS AND PRAGMATICS",
  },
  Object {
    "Date": "19/11/2016",
    "Faculty": "Risk Management Institute",
    "ModuleCode": "FE5101",
    "Time": "9:00AM",
    "Title": "DERIVATIVES AND FIXED INCOME",
  },
  Object {
    "Date": "19/11/2016",
    "Faculty": "Faculty of Engineering",
    "ModuleCode": "IE5301",
    "Time": "9:00AM",
    "Title": "HUMAN FACTORS IN ENGINEERING AND DESIGN",
  },
  Object {
    "Date": "19/11/2016",
    "Faculty": "Faculty of Science",
    "ModuleCode": "LSM2102",
    "Time": "9:00AM",
    "Title": "MOLECULAR BIOLOGY",
  },
  Object {
    "Date": "19/11/2016",
    "Faculty": "IFaculty of Science",
    "ModuleCode": "MA5205",
    "Time": "9:00AM",
    "Title": "GRADUATE ANALYSIS",
  },
  Object {
    "Date": "19/11/2016",
    "Faculty": "Faculty of Engineering",
    "ModuleCode": "ME5304",
    "Time": "9:00AM",
    "Title": "EXPERIMENTAL FLUID MECHANICS",
  },
  Object {
    "Date": "19/11/2016",
    "Faculty": "Arts & Social Sciences",
    "ModuleCode": "NM2220",
    "Time": "9:00AM",
    "Title": "INTRODUCTION TO MEDIA WRITING",
  },
  Object {
    "Date": "19/11/2016",
    "Faculty": "Arts & Social Sciences",
    "ModuleCode": "NM3224",
    "Time": "9:00AM",
    "Title": "CULTURE INDUSTRIES",
  },
  Object {
    "Date": "19/11/2016",
    "Faculty": "Faculty of Engineering",
    "ModuleCode": "OT5102",
    "Time": "9:00AM",
    "Title": "OIL & GAS TECHNOLOGY",
  },
  Object {
    "Date": "19/11/2016",
    "Faculty": "Faculty of Science",
    "ModuleCode": "PR5301",
    "Time": "9:00AM",
    "Title": "FOOD AND DRUG LAWS",
  },
  Object {
    "Date": "19/11/2016",
    "Faculty": "EArts & Social Sciences",
    "ModuleCode": "SC3229",
    "Time": "9:00AM",
    "Title": "COMPARING DEVIANCE: PERVERTS & SCANDALOUS IMPROPRI",
  },
  Object {
    "Date": "19/11/2016",
    "Faculty": "Faculty of Science",
    "ModuleCode": "ST3242",
    "Time": "9:00AM",
    "Title": "INTRODUCTION TO SURVIVAL ANALYSIS",
  },
  Object {
    "Date": "19/11/2016",
    "Faculty": "Faculty of Engineering",
    "ModuleCode": "TE2101",
    "Time": "9:00AM",
    "Title": "PROGRAMMING METHODOLOGY",
  },
  Object {
    "Date": "19/11/2016",
    "Faculty": "Faculty of Engineering",
    "ModuleCode": "ME2151",
    "Time": "9:00AM",
    "Title": "PRINCIPLES OF MECHANICAL ENG. MATERIALS",
  },
  Object {
    "Date": "19/11/2016",
    "Faculty": "Faculty of Engineering",
    "ModuleCode": "ME2151E",
    "Time": "9:00AM",
    "Title": "PRINCIPLES OF MECHANICAL ENG. MATERIALS",
  },
  Object {
    "Date": "19/11/2016",
    "Faculty": "Arts & Social Sciences",
    "ModuleCode": "GEH1014",
    "Time": "9:00AM",
    "Title": "SAMURAI, GEISHA, YAKUZA AS SELF OR OTHER",
  },
  Object {
    "Date": "19/11/2016",
    "Faculty": "Arts & Social Sciences",
    "ModuleCode": "GEK2022",
    "Time": "9:00AM",
    "Title": "SAMURAI, GEISHA, YAKUZA AS SELF OR OTHER",
  },
  Object {
    "Date": "19/11/2016",
    "Faculty": "Faculty of Engineering",
    "ModuleCode": "EE3302",
    "Time": "9:00AM",
    "Title": "INDUSTRIAL CONTROL SYSTEMS",
  },
  Object {
    "Date": "19/11/2016",
    "Faculty": "Faculty of Engineering",
    "ModuleCode": "EE3302E",
    "Time": "9:00AM",
    "Title": "INDUSTRIAL CONTROL SYSTEMS",
  },
  Object {
    "Date": "19/11/2016",
    "Faculty": "Faculty of Engineering",
    "ModuleCode": "EE5107",
    "Time": "9:00AM",
    "Title": "OPTIMAL CONTROL SYSTEMS",
  },
  Object {
    "Date": "19/11/2016",
    "Faculty": "Faculty of Engineering",
    "ModuleCode": "EE6107",
    "Time": "9:00AM",
    "Title": "OPTIMAL CONTROL SYSTEMS (ADVANCED)",
  },
  Object {
    "Date": "19/11/2016",
    "Faculty": "Faculty of Science",
    "ModuleCode": "PR3144",
    "Time": "9:00AM",
    "Title": "PRINCIPLES OF RESEARCH METHODS",
  },
  Object {
    "Date": "19/11/2016",
    "Faculty": "Faculty of Science",
    "ModuleCode": "PR4103",
    "Time": "9:00AM",
    "Title": "RESEARCH METHODOLOGY",
  },
  Object {
    "Date": "19/11/2016",
    "Faculty": "Faculty of Engineering",
    "ModuleCode": "CN5162",
    "Time": "9:00AM",
    "Title": "ADVANCED POLYMERIC MATERIALS",
  },
  Object {
    "Date": "19/11/2016",
    "Faculty": "Faculty of Engineering",
    "ModuleCode": "CN6162",
    "Time": "9:00AM",
    "Title": "ADVANCED POLYMERIC MATERIALS",
  },
  Object {
    "Date": "19/11/2016",
    "Faculty": "Faculty of Engineering",
    "ModuleCode": "CN3121",
    "Time": "9:00AM",
    "Title": "PROCESS DYNAMICS & CONTROL",
  },
  Object {
    "Date": "19/11/2016",
    "Faculty": "Faculty of Engineering",
    "ModuleCode": "CN3121E",
    "Time": "9:00AM",
    "Title": "PROCESS DYNAMICS & CONTROL",
  },
  Object {
    "Date": "19/11/2016",
    "Faculty": "Faculty of Science",
    "ModuleCode": "BL5234",
    "Time": "1:00PM",
    "Title": "THEORETICAL BIOLOGY",
  },
  Object {
    "Date": "19/11/2016",
    "Faculty": "School of Computing",
    "ModuleCode": "BT3102",
    "Time": "1:00PM",
    "Title": "COMPUTATIONAL METHODS FOR BUSINESS ANALYTICS",
  },
  Object {
    "Date": "19/11/2016",
    "Faculty": "Arts & Social Sciences",
    "ModuleCode": "CH2295",
    "Time": "1:00PM",
    "Title": "COMMERCE AND CULTURE IN CHINAS PAST (IN ENGLISH)",
  },
  Object {
    "Date": "19/11/2016",
    "Faculty": "Faculty of Science",
    "ModuleCode": "CM5268",
    "Time": "1:00PM",
    "Title": "ADVANCED ORGANIC MATERIALS",
  },
  Object {
    "Date": "19/11/2016",
    "Faculty": "IArts & Social Sciences",
    "ModuleCode": "EC3342",
    "Time": "1:00PM",
    "Title": "INTERNATIONAL TRADE",
  },
  Object {
    "Date": "19/11/2016",
    "Faculty": "Arts & Social Sciences",
    "ModuleCode": "EC4371",
    "Time": "1:00PM",
    "Title": "DEVELOPMENT ECONOMICS II",
  },
  Object {
    "Date": "19/11/2016",
    "Faculty": "Faculty of Engineering",
    "ModuleCode": "EE3431C",
    "Time": "1:00PM",
    "Title": "MICROELECTRONICS MATERIALS AND DEVICES",
  },
  Object {
    "Date": "19/11/2016",
    "Faculty": "Faculty of Engineering",
    "ModuleCode": "EE5431R",
    "Time": "1:00PM",
    "Title": "FUNDAMENTALS OF NANOELECTRONICS",
  },
  Object {
    "Date": "19/11/2016",
    "Faculty": "Faculty of Engineering",
    "ModuleCode": "ESE2001",
    "Time": "1:00PM",
    "Title": "ENVIRONMENTAL PROCESSES",
  },
  Object {
    "Date": "19/11/2016",
    "Faculty": "Faculty of Science",
    "ModuleCode": "FST3103",
    "Time": "1:00PM",
    "Title": "ADVANCED FOOD ENGINEERING",
  },
  Object {
    "Date": "19/11/2016",
    "Faculty": "Arts & Social Sciences",
    "ModuleCode": "GE4207",
    "Time": "1:00PM",
    "Title": "COASTAL MANAGEMENT",
  },
  Object {
    "Date": "19/11/2016",
    "Faculty": "Faculty of Science",
    "ModuleCode": "GER1000",
    "Time": "1:00PM",
    "Title": "QUANTITATIVE REASONING",
  },
  Object {
    "Date": "19/11/2016",
    "Faculty": "School of Computing",
    "ModuleCode": "IS3243",
    "Time": "1:00PM",
    "Title": "TECHNOLOGY STRATEGY AND MANAGEMENT",
  },
  Object {
    "Date": "19/11/2016",
    "Faculty": "Arts & Social Sciences",
    "ModuleCode": "JS2216",
    "Time": "1:00PM",
    "Title": "POSTWAR JAPANESE FILM AND ANIME",
  },
  Object {
    "Date": "19/11/2016",
    "Faculty": "Yong Loo Lin School (Medicine)",
    "ModuleCode": "LSM3232",
    "Time": "1:00PM",
    "Title": "MICROBIOLOGY",
  },
  Object {
    "Date": "19/11/2016",
    "Faculty": "Faculty of Science",
    "ModuleCode": "LSM4254",
    "Time": "1:00PM",
    "Title": "PRINCIPLES OF TAXONOMY AND SYSTEMATICS",
  },
]
`;

exports[`parseExamPdf scrapes all the modules for 2017 sem 1 1`] = `
Array [
  Object {
    "Date": "29/11/2017",
    "Faculty": "SoC",
    "ModuleCode": "IS3106",
    "Time": "9:00AM",
    "Title": "ENTERPRISE SYSTEMS INTERFACE DESIG N AND DEVELOPMENT",
  },
  Object {
    "Date": "29/11/2017",
    "Faculty": "SoC",
    "ModuleCode": "IS5117",
    "Time": "9:00AM",
    "Title": "ELECTRONIC GOVERNMENT",
  },
  Object {
    "Date": "29/11/2017",
    "Faculty": "LAW",
    "ModuleCode": "LC5405B",
    "Time": "9:00AM",
    "Title": "LAW OF INTELLECTUAL PROPERTY (B)",
  },
  Object {
    "Date": "29/11/2017",
    "Faculty": "LAW",
    "ModuleCode": "LL4327V",
    "Time": "9:00AM",
    "Title": "MERGERS & ACQUISITIONS: A PRACTIT IONER'S PERSPECTIVE",
  },
  Object {
    "Date": "29/11/2017",
    "Faculty": "LAW",
    "ModuleCode": "LL4405B",
    "Time": "9:00AM",
    "Title": "LAW OF INTELLECTUAL PROPERTY (B)",
  },
  Object {
    "Date": "29/11/2017",
    "Faculty": "LAW",
    "ModuleCode": "LL5327V",
    "Time": "9:00AM",
    "Title": "MERGERS & ACQUISITIONS: A PRACTIT IONER'S PERSPECTIVE",
  },
  Object {
    "Date": "29/11/2017",
    "Faculty": "LAW",
    "ModuleCode": "LL5405B",
    "Time": "9:00AM",
    "Title": "LAW OF INTELLECTUAL PROPERTY (B)",
  },
  Object {
    "Date": "29/11/2017",
    "Faculty": "LAW",
    "ModuleCode": "LL6327V",
    "Time": "9:00AM",
    "Title": "MERGERS & ACQUISITIONS: A PRACTIT IONER'S PERSPECTIVE",
  },
  Object {
    "Date": "29/11/2017",
    "Faculty": "LAW",
    "ModuleCode": "LL6405B",
    "Time": "9:00AM",
    "Title": "LAW OF INTELLECTUAL PROPERTY (B)",
  },
  Object {
    "Date": "29/11/2017",
    "Faculty": "NUSMed",
    "ModuleCode": "LSM4213",
    "Time": "9:00AM",
    "Title": "SYSTEM NEUROBIOLOGY",
  },
  Object {
    "Date": "29/11/2017",
    "Faculty": "FoS",
    "ModuleCode": "MA1505",
    "Time": "9:00AM",
    "Title": "MATHEMATICS I",
  },
  Object {
    "Date": "29/11/2017",
    "Faculty": "FoS",
    "ModuleCode": "MA3236",
    "Time": "9:00AM",
    "Title": "NON‐LINEAR PROGRAMMING",
  },
  Object {
    "Date": "29/11/2017",
    "Faculty": "FoS",
    "ModuleCode": "MA4247",
    "Time": "9:00AM",
    "Title": "COMPLEX ANALYSIS II",
  },
  Object {
    "Date": "29/11/2017",
    "Faculty": "FoE",
    "ModuleCode": "MLE3102",
    "Time": "9:00AM",
    "Title": "DEGRAD ATION AND FAILURE OF MATERI ALS",
  },
  Object {
    "Date": "29/11/2017",
    "Faculty": "FASS",
    "ModuleCode": "MS3212",
    "Time": "9:00AM",
    "Title": "CLASSICAL MALAY LITERATURE",
  },
  Object {
    "Date": "29/11/2017",
    "Faculty": "FASS",
    "ModuleCode": "NM2213",
    "Time": "9:00AM",
    "Title": "INTROD UCTION TO HUMAN‐COMPUTER INT ERACTION DESIGN",
  },
  Object {
    "Date": "29/11/2017",
    "Faculty": "SDE",
    "ModuleCode": "PF4307",
    "Time": "9:00AM",
    "Title": "EVENT MANAGEMENT",
  },
  Object {
    "Date": "29/11/2017",
    "Faculty": "FASS",
    "ModuleCode": "PL3234",
    "Time": "9:00AM",
    "Title": "DEVELOPMENTAL PSYCHOLOGY",
  },
  Object {
    "Date": "29/11/2017",
    "Faculty": "FASS",
    "ModuleCode": "PL4229",
    "Time": "9:00AM",
    "Title": "PSYCHOLOGICAL THERAPIES",
  },
  Object {
    "Date": "29/11/2017",
    "Faculty": "FoS",
    "ModuleCode": "PR3123",
    "Time": "9:00AM",
    "Title": "FORMULATION &TECHNOLOGY II",
  },
  Object {
    "Date": "29/11/2017",
    "Faculty": "SDE",
    "ModuleCode": "RE1703",
    "Time": "9:00AM",
    "Title": "PRINCIPLES OF LAW FOR REAL ESTATE",
  },
  Object {
    "Date": "29/11/2017",
    "Faculty": "FASS",
    "ModuleCode": "SC3101",
    "Time": "9:00AM",
    "Title": "SOCIAL THOUGHT & SOCIAL THEORY",
  },
  Object {
    "Date": "29/11/2017",
    "Faculty": "FASS",
    "ModuleCode": "SE2210",
    "Time": "9:00AM",
    "Title": "POPULAR CULTURE IN SOUTHEAST ASIA",
  },
  Object {
    "Date": "29/11/2017",
    "Faculty": "FASS",
    "ModuleCode": "SN2283",
    "Time": "9:00AM",
    "Title": "CHINA‐INDIA INTERACTIONS: CHANGING PERSPECTIVES",
  },
  Object {
    "Date": "29/11/2017",
    "Faculty": "SCALE",
    "ModuleCode": "TCN3132",
    "Time": "9:00AM",
    "Title": "SEPARATION PROCESSES",
  },
  Object {
    "Date": "29/11/2017",
    "Faculty": "Yale‐NUS",
    "ModuleCode": "YLL3201",
    "Time": "9:00AM",
    "Title": "ADVA NCED LATIN: CATULLUS",
  },
  Object {
    "Date": "29/11/2017",
    "Faculty": "BIZ",
    "ModuleCode": "BSP1004X",
    "Time": "1:00PM",
    "Title": "LEGAL ENVIRONMENT OF BUSINESS",
  },
  Object {
    "Date": "29/11/2017",
    "Faculty": "BIZ",
    "ModuleCode": "BSP1702X",
    "Time": "1:00PM",
    "Title": "LEGAL ENVIRONMENT OF BUSINESS",
  },
  Object {
    "Date": "29/11/2017",
    "Faculty": "FoE",
    "ModuleCode": "CE2112",
    "Time": "1:00PM",
    "Title": "SOIL MECHANICS",
  },
  Object {
    "Date": "29/11/2017",
    "Faculty": "SoC",
    "ModuleCode": "CS4234",
    "Time": "1:00PM",
    "Title": "OPTIMISATION ALGORITHMS",
  },
  Object {
    "Date": "29/11/2017",
    "Faculty": "SFASS",
    "ModuleCode": "EC2204",
    "Time": "1:00PM",
    "Title": "FINANCIAL ACCOUNTING FOR ECONOMIST",
  },
  Object {
    "Date": "29/11/2017",
    "Faculty": "FASS",
    "ModuleCode": "EC3304",
    "Time": "1:00PM",
    "Title": "ECONOMETRICS II",
  },
  Object {
    "Date": "29/11/2017",
    "Faculty": "S",
    "ModuleCode": "EC4334",
    "Time": "1:00PM",
    "Title": "FINANCIAL MARKET MICROSTRUCTURE FAS",
  },
  Object {
    "Date": "29/11/2017",
    "Faculty": "FASS",
    "ModuleCode": "ECA5102",
    "Time": "1:00PM",
    "Title": "MACROECONOMICS",
  },
  Object {
    "Date": "29/11/2017",
    "Faculty": "FoE",
    "ModuleCode": "EE5303",
    "Time": "1:00PM",
    "Title": "MICROWAVE ELECTRONICS",
  },
  Object {
    "Date": "29/11/2017",
    "Faculty": "FASS",
    "ModuleCode": "EL3203",
    "Time": "1:00PM",
    "Title": "SEMANTICS AND PRAGMATICS",
  },
  Object {
    "Date": "29/11/2017",
    "Faculty": "FASS",
    "ModuleCode": "GE2227",
    "Time": "1:00PM",
    "Title": "CARTOGRAPHY AND VISUALISATION",
  },
  Object {
    "Date": "29/11/2017",
    "Faculty": "FASS",
    "ModuleCode": "HY4207",
    "Time": "1:00PM",
    "Title": "SPECIA L PAPER IN MILITARY HISTORY",
  },
  Object {
    "Date": "29/11/2017",
    "Faculty": "SoC",
    "ModuleCode": "IT1007",
    "Time": "1:00PM",
    "Title": "INTRODUCTION TO PROGRAMMING WITH P YTHON AND C",
  },
  Object {
    "Date": "29/11/2017",
    "Faculty": "FASS",
    "ModuleCode": "JS2225",
    "Time": "1:00PM",
    "Title": "MARKETING AND CONSUMER CULTURE IN JAPAN",
  },
  Object {
    "Date": "29/11/2017",
    "Faculty": "SDE",
    "ModuleCode": "LA5201",
    "Time": "1:00PM",
    "Title": "POLICY OF LANDSCAPE",
  },
  Object {
    "Date": "29/11/2017",
    "Faculty": "LAW",
    "ModuleCode": "LL4164V",
    "Time": "1:00PM",
    "Title": "INTERNATIONAL PROJECTS LAW & PRAC TICE",
  },
  Object {
    "Date": "29/11/2017",
    "Faculty": "LAW",
    "ModuleCode": "LL5164V",
    "Time": "1:00PM",
    "Title": "INTERNATIONAL PROJECTS LAW & PRAC TICE",
  },
  Object {
    "Date": "29/11/2017",
    "Faculty": "LAW",
    "ModuleCode": "LL6164V",
    "Time": "1:00PM",
    "Title": "INTERNATIONAL PROJECTS LAW & PRAC TICE",
  },
  Object {
    "Date": "29/11/2017",
    "Faculty": "FoS",
    "ModuleCode": "LSM2252",
    "Time": "1:00PM",
    "Title": "BIODIVERSITY",
  },
  Object {
    "Date": "29/11/2017",
    "Faculty": "FoE",
    "ModuleCode": "ME3261",
    "Time": "1:00PM",
    "Title": "COMPUT ER‐AIDED DESIGN AND MANUFACT URING",
  },
  Object {
    "Date": "29/11/2017",
    "Faculty": "SCALE",
    "ModuleCode": "ME3261E",
    "Time": "1:00PM",
    "Title": "COMPUT ER‐AIDED DESIGN AND MANUFAC TURING",
  },
  Object {
    "Date": "29/11/2017",
    "Faculty": "FASS",
    "ModuleCode": "NM2101",
    "Time": "1:00PM",
    "Title": "THEORIES OF COMMUNICATIONS AND NEW MEDIA",
  },
  Object {
    "Date": "29/11/2017",
    "Faculty": "NUSMed",
    "ModuleCode": "NUR1114",
    "Time": "1:00PM",
    "Title": "FUNDAMENTALS OF NURSING",
  },
  Object {
    "Date": "29/11/2017",
    "Faculty": "NUSMed",
    "ModuleCode": "NUR3114",
    "Time": "1:00PM",
    "Title": "LEAD ERSHIP AND MANAGEMENT",
  },
  Object {
    "Date": "29/11/2017",
    "Faculty": "FoS",
    "ModuleCode": "PC2131",
    "Time": "1:00PM",
    "Title": "ELECTRICITY & MAGNETISM I",
  },
  Object {
    "Date": "29/11/2017",
    "Faculty": "GFoS",
    "ModuleCode": "PC3242",
    "Time": "1:00PM",
    "Title": "PHYSICS OF SEMICONDUCTOR PROCESSIN",
  },
  Object {
    "Date": "29/11/2017",
    "Faculty": "FASS",
    "ModuleCode": "PH2211",
    "Time": "1:00PM",
    "Title": "PHILOSOPHY OF RELIGION",
  },
  Object {
    "Date": "29/11/2017",
    "Faculty": "FoS",
    "ModuleCode": "PR4205",
    "Time": "1:00PM",
    "Title": "BIOOR GANIC PRINCIPLES OF MEDICINAL CHEMISTRY",
  },
  Object {
    "Date": "29/11/2017",
    "Faculty": "SDE",
    "ModuleCode": "RE4211",
    "Time": "1:00PM",
    "Title": "REIT MANAGEMENT",
  },
  Object {
    "Date": "29/11/2017",
    "Faculty": "FoE",
    "ModuleCode": "SDM5001",
    "Time": "1:00PM",
    "Title": "SYSTEMS ARCHITECTURE",
  },
  Object {
    "Date": "29/11/2017",
    "Faculty": "SSHSPH",
    "ModuleCode": "SPH3101",
    "Time": "1:00PM",
    "Title": "BIOSTATISTICS FOR PUBLIC HEALTH",
  },
  Object {
    "Date": "29/11/2017",
    "Faculty": "FoS",
    "ModuleCode": "ST1232",
    "Time": "1:00PM",
    "Title": "STATISTICS FOR LIFE SCIENCES",
  },
  Object {
    "Date": "29/11/2017",
    "Faculty": "SCALE",
    "ModuleCode": "TCE2112",
    "Time": "1:00PM",
    "Title": "SOIL MECHANICS",
  },
  Object {
    "Date": "29/11/2017",
    "Faculty": "Yale‐NUS",
    "ModuleCode": "YSC3237",
    "Time": "1:00PM",
    "Title": "INTRODUCTION TO MODERN ALGEBRA",
  },
  Object {
    "Date": "05/12/2017",
    "Faculty": "SDE",
    "ModuleCode": "PM5112",
    "Time": "1:00PM",
    "Title": "RESEARCH METHODS",
  },
  Object {
    "Date": "05/12/2017",
    "Faculty": "FoS",
    "ModuleCode": "PR2114",
    "Time": "1:00PM",
    "Title": "FORMULATION & TECHNOLOGY I",
  },
  Object {
    "Date": "05/12/2017",
    "Faculty": "FASS",
    "ModuleCode": "PS2240",
    "Time": "1:00PM",
    "Title": "INTRODUCTION TO PUBLIC ADMINISTRAT ION",
  },
  Object {
    "Date": "05/12/2017",
    "Faculty": "E",
    "ModuleCode": "RE5009",
    "Time": "1:00PM",
    "Title": "COMMERCIAL REAL ESTATE APPRAISAL SD",
  },
  Object {
    "Date": "05/12/2017",
    "Faculty": "FASS",
    "ModuleCode": "SC2213",
    "Time": "1:00PM",
    "Title": "CHILDHOOD AND YOUTH",
  },
  Object {
    "Date": "05/12/2017",
    "Faculty": "FASS",
    "ModuleCode": "SE2214",
    "Time": "1:00PM",
    "Title": "ARTS OF SOUTHEAST ASIA",
  },
  Object {
    "Date": "05/12/2017",
    "Faculty": "SS",
    "ModuleCode": "SN2234",
    "Time": "1:00PM",
    "Title": "GENDER AND SOCIETY IN SOUTH ASIA FA",
  },
  Object {
    "Date": "05/12/2017",
    "Faculty": "FoS",
    "ModuleCode": "ST5222",
    "Time": "1:00PM",
    "Title": "ADVANC ED TOPICS IN APPLIED STATIST ICS",
  },
  Object {
    "Date": "05/12/2017",
    "Faculty": "FASS",
    "ModuleCode": "SW3105",
    "Time": "1:00PM",
    "Title": "COMMUNITY WORK PRACTICE",
  },
  Object {
    "Date": "05/12/2017",
    "Faculty": "FASS",
    "ModuleCode": "TS2240",
    "Time": "1:00PM",
    "Title": "VOICE STUDIES AND PRODUCTION",
  },
  Object {
    "Date": "05/12/2017",
    "Faculty": "Yale‐NUS",
    "ModuleCode": "YSC3230",
    "Time": "1:00PM",
    "Title": "ORDINA RY AND PARTIAL DIFFERENTIAL EQUATIONS",
  },
  Object {
    "Date": "05/12/2017",
    "Faculty": "PROVINGYale‐NUS",
    "ModuleCode": "YSC3236",
    "Time": "1:00PM",
    "Title": "FUNCTI ONAL PROGRAMMING AND",
  },
  Object {
    "Date": "05/12/2017",
    "Faculty": "Yale‐NUS",
    "ModuleCode": "YSS2216",
    "Time": "1:00PM",
    "Title": "STATISTICS AND RESEARCH METHODS F OR PSYCHOLOGY",
  },
  Object {
    "Date": "05/12/2017",
    "Faculty": "FoE",
    "ModuleCode": "BN4406",
    "Time": "5:00PM",
    "Title": "BIOP HOTONICS AND BIOIMAGING",
  },
  Object {
    "Date": "05/12/2017",
    "Faculty": "SoC",
    "ModuleCode": "BT4221",
    "Time": "5:00PM",
    "Title": "BIG DATA TECHNIQUES AND TECHNOLOGI ES",
  },
  Object {
    "Date": "05/12/2017",
    "Faculty": "FoE",
    "ModuleCode": "CE5108",
    "Time": "5:00PM",
    "Title": "EARTH RETAINING STRUCTURES",
  },
  Object {
    "Date": "05/12/2017",
    "Faculty": "FASS",
    "ModuleCode": "CL2280",
    "Time": "5:00PM",
    "Title": "BASIC TRANSLATION",
  },
  Object {
    "Date": "05/12/2017",
    "Faculty": "FoE",
    "ModuleCode": "CN3135",
    "Time": "5:00PM",
    "Title": "PROCESS SAFETY, HEALTH AND ENVIRON MENT",
  },
  Object {
    "Date": "05/12/2017",
    "Faculty": "SoC",
    "ModuleCode": "CS2102",
    "Time": "5:00PM",
    "Title": "DATABASE SYSTEMS",
  },
  Object {
    "Date": "05/12/2017",
    "Faculty": "SoC",
    "ModuleCode": "CS5234",
    "Time": "5:00PM",
    "Title": "COMBINATORIAL AND GRAPH ALGORITHMS",
  },
  Object {
    "Date": "05/12/2017",
    "Faculty": "FASS",
    "ModuleCode": "EC2102",
    "Time": "5:00PM",
    "Title": "MACROECONOMIC ANALYSIS I",
  },
  Object {
    "Date": "05/12/2017",
    "Faculty": "FASS",
    "ModuleCode": "EC3381",
    "Time": "5:00PM",
    "Title": "URBAN ECONOMICS",
  },
  Object {
    "Date": "05/12/2017",
    "Faculty": "SCALE",
    "ModuleCode": "EE2021E",
    "Time": "5:00PM",
    "Title": "DEVICES AND CIRCUITS",
  },
  Object {
    "Date": "05/12/2017",
    "Faculty": "FoE",
    "ModuleCode": "EE2027",
    "Time": "5:00PM",
    "Title": "ELECTRONIC CIRCUITS",
  },
  Object {
    "Date": "05/12/2017",
    "Faculty": "FoE",
    "ModuleCode": "ESE5301",
    "Time": "5:00PM",
    "Title": "ENVIRONMENTAL BIOLOGICAL PRINCIPL ES",
  },
  Object {
    "Date": "05/12/2017",
    "Faculty": "FoE",
    "ModuleCode": "ESP3401",
    "Time": "5:00PM",
    "Title": "PHOT OVOLTAIC DEVICES AND SYSTEMS",
  },
  Object {
    "Date": "05/12/2017",
    "Faculty": "FoS",
    "ModuleCode": "FST3101",
    "Time": "5:00PM",
    "Title": "FOOD MICROBIOLOGY & FERMENTATION",
  },
  Object {
    "Date": "05/12/2017",
    "Faculty": "FoE",
    "ModuleCode": "IE6002",
    "Time": "5:00PM",
    "Title": "ADVANC ED ENGINEERING STATISTICS",
  },
  Object {
    "Date": "05/12/2017",
    "Faculty": "NUSMed",
    "ModuleCode": "LSM3223",
    "Time": "5:00PM",
    "Title": "IMMUNOLOGY",
  },
  Object {
    "Date": "05/12/2017",
    "Faculty": "Fo S",
    "ModuleCode": "LSM4255",
    "Time": "5:00PM",
    "Title": "METHOD S IN MATHEMATICAL BIOLOGY",
  },
  Object {
    "Date": "05/12/2017",
    "Faculty": "FoS",
    "ModuleCode": "MA5248",
    "Time": "5:00PM",
    "Title": "STOCHASTIC ANALYSIS IN MATHEMATICA L FINANCE",
  },
  Object {
    "Date": "05/12/2017",
    "Faculty": "FoE",
    "ModuleCode": "ME2151",
    "Time": "5:00PM",
    "Title": "PRINCIP LES OF MECHANICAL ENG. MATE RIALS",
  },
  Object {
    "Date": "05/12/2017",
    "Faculty": "SCALE",
    "ModuleCode": "ME2151E",
    "Time": "5:00PM",
    "Title": "PRINCIP LES OF MECHANICAL ENG. MAT ERIALS",
  },
  Object {
    "Date": "05/12/2017",
    "Faculty": "FoE",
    "ModuleCode": "ME4233",
    "Time": "5:00PM",
    "Title": "COMPUT ATIONAL METHODS IN FLUID MEC HANICS",
  },
  Object {
    "Date": "05/12/2017",
    "Faculty": "Fo E",
    "ModuleCode": "ME4256",
    "Time": "5:00PM",
    "Title": "FUNCTI ONAL MATERIALS AND DEVICES",
  },
  Object {
    "Date": "05/12/2017",
    "Faculty": "SCALE",
    "ModuleCode": "ME4256E",
    "Time": "5:00PM",
    "Title": "FUNCTI ONAL MATERIALS AND DEVICES",
  },
  Object {
    "Date": "05/12/2017",
    "Faculty": "FoS",
    "ModuleCode": "PC1222",
    "Time": "5:00PM",
    "Title": "FUNDAMENTALS OF PHYSICS II",
  },
  Object {
    "Date": "05/12/2017",
    "Faculty": "FoS",
    "ModuleCode": "PC2132",
    "Time": "5:00PM",
    "Title": "CLASSICAL MECHANICS",
  },
  Object {
    "Date": "05/12/2017",
    "Faculty": "SDE",
    "ModuleCode": "PF3302",
    "Time": "5:00PM",
    "Title": "ENERGY MANAGEMENT",
  },
  Object {
    "Date": "05/12/2017",
    "Faculty": "FASS",
    "ModuleCode": "PH3241",
    "Time": "5:00PM",
    "Title": "CONSCIOUSNESS",
  },
  Object {
    "Date": "05/12/2017",
    "Faculty": "FASS",
    "ModuleCode": "PS3236",
    "Time": "5:00PM",
    "Title": "ETHNICITY AND RELIGION IN ASIAN PO LITICS",
  },
  Object {
    "Date": "05/12/2017",
    "Faculty": "FASS",
    "ModuleCode": "SC4210",
    "Time": "5:00PM",
    "Title": "SOCIOLOGY OF MIGRATION",
  },
  Object {
    "Date": "05/12/2017",
    "Faculty": "FASS",
    "ModuleCode": "SN1101E",
    "Time": "5:00PM",
    "Title": "SOUTH ASIA : PEOPLE, CULTURE, DEV ELOP'M",
  },
  Object {
    "Date": "05/12/2017",
    "Faculty": "FoS",
    "ModuleCode": "ST3246",
    "Time": "5:00PM",
    "Title": "STATISTICAL MODELS FOR ACTUARIAL S CIENCE",
  },
  Object {
    "Date": "05/12/2017",
    "Faculty": "FASS",
    "ModuleCode": "SW4101",
    "Time": "5:00PM",
    "Title": "ADVANC ED FAMILY‐CENTRED SWK PRACTI CE",
  },
  Object {
    "Date": "05/12/2017",
    "Faculty": "SCALE",
    "ModuleCode": "TEE2021",
    "Time": "5:00PM",
    "Title": "DEVICES AND CIRCUITS",
  },
  Object {
    "Date": "05/12/2017",
    "Faculty": "SCALE",
    "ModuleCode": "TME2151",
    "Time": "5:00PM",
    "Title": "PRIN CIPLES OF MECHANICAL ENGINEER ING MATERIALS",
  },
  Object {
    "Date": "06/12/2017",
    "Faculty": "BIZ",
    "ModuleCode": "ACC3616",
    "Time": "9:00AM",
    "Title": "CORPOR ATE GOVERNANCE AND RISK MAN AGEMENT",
  },
  Object {
    "Date": "06/12/2017",
    "Faculty": "FoS",
    "ModuleCode": "CM1111",
    "Time": "9:00AM",
    "Title": "INORGANIC CHEMISTRY 1",
  },
  Object {
    "Date": "06/12/2017",
    "Faculty": "FoE",
    "ModuleCode": "CN5251",
    "Time": "9:00AM",
    "Title": "MEMBRANE SCIENCE & TECHNOLOGY",
  },
  Object {
    "Date": "06/12/2017",
    "Faculty": "FoE",
    "ModuleCode": "CN6251",
    "Time": "9:00AM",
    "Title": "MEMBRANE SCIENCE & TECHNOLOGY",
  },
  Object {
    "Date": "06/12/2017",
    "Faculty": "SoC",
    "ModuleCode": "CS2010",
    "Time": "9:00AM",
    "Title": "DATA STRUCTURES AND ALGORITHMS II",
  },
  Object {
    "Date": "06/12/2017",
    "Faculty": "SoC",
    "ModuleCode": "CS4351",
    "Time": "9:00AM",
    "Title": "REAL‐TIME GRAPHICS",
  },
  Object {
    "Date": "06/12/2017",
    "Faculty": "FASS",
    "ModuleCode": "EC3102",
    "Time": "9:00AM",
    "Title": "MACROECONOMIC ANALYSIS II",
  },
  Object {
    "Date": "06/12/2017",
    "Faculty": "FASS",
    "ModuleCode": "EC4351",
    "Time": "9:00AM",
    "Title": "PUBLIC ECONOMICS",
  },
  Object {
    "Date": "06/12/2017",
    "Faculty": "FoE",
    "ModuleCode": "ESE1001",
    "Time": "9:00AM",
    "Title": "ENVIRONMENTAL ENGINEERING FUNDAME NTALS",
  },
  Object {
    "Date": "06/12/2017",
    "Faculty": "FASS",
    "ModuleCode": "GE3204",
    "Time": "9:00AM",
    "Title": "CITIES AND REGIONS: PLANNING FOR C HANGE",
  },
  Object {
    "Date": "06/12/2017",
    "Faculty": "FASS",
    "ModuleCode": "GEH1061",
    "Time": "9:00AM",
    "Title": "REPRESENTATION AND MEDIA",
  },
  Object {
    "Date": "06/12/2017",
    "Faculty": "FASS",
    "ModuleCode": "GES1007",
    "Time": "9:00AM",
    "Title": "SO UTH ASIA IN SINGAPORE",
  },
  Object {
    "Date": "06/12/2017",
    "Faculty": "FoE",
    "ModuleCode": "IE5001",
    "Time": "9:00AM",
    "Title": "OPERAT IONS PLANNING AND CONTROL I",
  },
]
`;
