// Jest Snapshot v1, https://goo.gl/fbAQLP

exports[`queries course queries should be not be null when courses are found 1`] = `
Object {
  "courses": Array [
    Object {
      "code": "CS1101S",
    },
    Object {
      "code": "CS2100",
    },
  ],
}
`;

exports[`queries course queries should not be null when course is valid 1`] = `undefined`;
